[1110/120332.475:INFO:CONSOLE(0)] "Error with Permissions-Policy header: Feature xr-spatial-tracking's parameters are ignored.", source:  (0)
[1110/120332.476:INFO:CONSOLE(0)] "Error with Permissions-Policy header: Origin trial controlled feature not enabled: 'attribution-reporting'.", source:  (0)
[1110/120332.476:INFO:CONSOLE(0)] "Error with Permissions-Policy header: Unrecognized feature: 'compute-pressure'.", source:  (0)
[1110/120332.476:INFO:CONSOLE(0)] "Error with Permissions-Policy header: Origin trial controlled feature not enabled: 'interest-cohort'.", source:  (0)
[1110/120332.476:INFO:CONSOLE(0)] "Error with Permissions-Policy header: Unrecognized feature: 'private-state-token-issuance'.", source:  (0)
[1110/120332.478:INFO:CONSOLE(0)] "Error with Permissions-Policy header: Origin trial controlled feature not enabled: 'shared-storage'.", source:  (0)
[1110/120332.478:INFO:CONSOLE(0)] "Error with Permissions-Policy header: Unrecognized feature: 'shared-storage-select-url'.", source:  (0)
[1110/120332.478:INFO:CONSOLE(0)] "Error with Permissions-Policy header: Unrecognized feature: 'private-state-token-redemption'.", source:  (0)
[1110/120332.478:INFO:CONSOLE(0)] "Error with Permissions-Policy header: Unrecognized feature: 'unload'.", source:  (0)
[1110/120332.478:INFO:CONSOLE(0)] "Error with Permissions-Policy header: Unrecognized feature: 'window-management'.", source:  (0)
[1110/120347.108:INFO:CONSOLE(153)] "Event handler of 'x-storagemutated-1' event must be added on the initial evaluation of worker script.", source: https://static.whatsapp.net/rsrc.php/v3/yM/r/bG6oBoC9y5_.js (153)
[1110/120414.797:ERROR:cache_util_win.cc(20)] Unable to move the cache: Access is denied. (0x5)
[1110/120414.797:ERROR:cache_util_win.cc(20)] Unable to move the cache: Access is denied. (0x5)
[1110/120414.797:ERROR:disk_cache.cc(205)] Unable to create cache
[1110/120414.797:ERROR:gpu_disk_cache.cc(673)] Gpu Cache Creation failed: -2
[1110/120414.797:ERROR:disk_cache.cc(205)] Unable to create cache
[1110/120414.797:ERROR:gpu_disk_cache.cc(673)] Gpu Cache Creation failed: -2
[1110/120416.822:ERROR:cache_util_win.cc(20)] Unable to move the cache: Access is denied. (0x5)
[1110/120416.822:ERROR:disk_cache.cc(205)] Unable to create cache
[1110/120417.328:INFO:CONSOLE(0)] "Error with Permissions-Policy header: Feature xr-spatial-tracking's parameters are ignored.", source:  (0)
[1110/120417.328:INFO:CONSOLE(0)] "Error with Permissions-Policy header: Origin trial controlled feature not enabled: 'attribution-reporting'.", source:  (0)
[1110/120417.328:INFO:CONSOLE(0)] "Error with Permissions-Policy header: Unrecognized feature: 'compute-pressure'.", source:  (0)
[1110/120417.328:INFO:CONSOLE(0)] "Error with Permissions-Policy header: Origin trial controlled feature not enabled: 'interest-cohort'.", source:  (0)
[1110/120417.328:INFO:CONSOLE(0)] "Error with Permissions-Policy header: Unrecognized feature: 'private-state-token-issuance'.", source:  (0)
[1110/120417.328:INFO:CONSOLE(0)] "Error with Permissions-Policy header: Origin trial controlled feature not enabled: 'shared-storage'.", source:  (0)
[1110/120417.328:INFO:CONSOLE(0)] "Error with Permissions-Policy header: Unrecognized feature: 'shared-storage-select-url'.", source:  (0)
[1110/120417.328:INFO:CONSOLE(0)] "Error with Permissions-Policy header: Unrecognized feature: 'private-state-token-redemption'.", source:  (0)
[1110/120417.328:INFO:CONSOLE(0)] "Error with Permissions-Policy header: Unrecognized feature: 'unload'.", source:  (0)
[1110/120417.328:INFO:CONSOLE(0)] "Error with Permissions-Policy header: Unrecognized feature: 'window-management'.", source:  (0)
[1110/120417.833:ERROR:service_worker_storage.cc(1933)] Failed to delete the database: Database IO error
[1110/120502.865:ERROR:quota_database.cc(929)] Could not open the quota database, resetting.
[1110/120506.737:ERROR:quota_database.cc(929)] Could not open the quota database, resetting.
[1110/120509.499:ERROR:quota_database.cc(931)] Failed to reset the quota database.
[1110/120509.499:ERROR:quota_database.cc(931)] Failed to reset the quota database.
[1110/120900.384:INFO:CONSOLE(327)] "Failed to parse video contentType: video/mp4; codecs=avc1.42000a", source: https://static.whatsapp.net/rsrc.php/v3iHCc4/yu/l/rt/rW3lOI79YLL.js (327)
[1110/120900.384:INFO:CONSOLE(327)] "Failed to parse video contentType: video/mp4; codecs=hev1.1.6.L93.B0", source: https://static.whatsapp.net/rsrc.php/v3iHCc4/yu/l/rt/rW3lOI79YLL.js (327)
[1110/120903.361:INFO:CONSOLE(153)] "Event handler of 'x-storagemutated-1' event must be added on the initial evaluation of worker script.", source: https://static.whatsapp.net/rsrc.php/v3/yM/r/bG6oBoC9y5_.js (153)
